[INFO] Scanning for projects...
[INFO] 
[INFO] -----------------< com.exampleinyection:GFTFormacion >------------------
[INFO] Building clase2parte2 0.0.1-SNAPSHOT
[INFO]   from pom.xml
[INFO] --------------------------------[ jar ]---------------------------------
[INFO] 
[INFO] --- jacoco:0.8.12:prepare-agent (default) @ GFTFormacion ---
[INFO] argLine set to -javaagent:C:\\Users\\pulz\\.m2\\repository\\org\\jacoco\\org.jacoco.agent\\0.8.12\\org.jacoco.agent-0.8.12-runtime.jar=destfile=C:\\Users\\pulz\\Desktop\\clase2parte2\\target\\jacoco.exec
[INFO] 
[INFO] --- resources:3.3.1:resources (default-resources) @ GFTFormacion ---
[INFO] Copying 5 resources from src\main\resources to target\classes
[INFO] Copying 0 resource from src\main\resources to target\classes
[INFO] 
[INFO] --- compiler:3.14.1:compile (default-compile) @ GFTFormacion ---
[INFO] Nothing to compile - all classes are up to date.
[INFO] 
[INFO] --- resources:3.3.1:testResources (default-testResources) @ GFTFormacion ---
[INFO] skip non existing resourceDirectory C:\Users\pulz\Desktop\clase2parte2\src\test\resources
[INFO] 
[INFO] --- compiler:3.14.1:testCompile (default-testCompile) @ GFTFormacion ---
[INFO] Nothing to compile - all classes are up to date.
[INFO] 
[INFO] --- surefire:3.5.5:test (default-test) @ GFTFormacion ---
[INFO] Using auto detected provider org.apache.maven.surefire.junitplatform.JUnitPlatformProvider
[INFO] 
[INFO] -------------------------------------------------------
[INFO]  T E S T S
[INFO] -------------------------------------------------------
[INFO] Running com.exampleinyection.clase2parte2.config.AppConfigTest
.\mvnw.cmd : Mockito is currently self-attaching to enable the inline-mock-maker. This will no longer work in future releases of the JDK. Please add Mockito 
as an agent to your build as described in Mockito's documentation: 
https://javadoc.io/doc/org.mockito/mockito-core/latest/org.mockito/org/mockito/Mockito.html#0.3
En línea: 1 Carácter: 40
+ cd C:\Users\pulz\Desktop\clase2parte2; .\mvnw.cmd test 2>&1 | Tee-Obj ...
+                                        ~~~~~~~~~~~~~~~~~~~~
    + CategoryInfo          : NotSpecified: (Mockito is curr...ockito.html#0.3:String) [], RemoteException
    + FullyQualifiedErrorId : NativeCommandError
 
WARNING: A Java agent has been loaded dynamically (C:\Users\pulz\.m2\repository\net\bytebuddy\byte-buddy-agent\1.17.8\byte-buddy-agent-1.17.8.jar)
WARNING: If a serviceability tool is in use, please run with -XX:+EnableDynamicAgentLoading to hide this warning
WARNING: If a serviceability tool is not in use, please run with -Djdk.instrument.traceUsage for more information
WARNING: Dynamic loading of agents will be disallowed by default in a future release
OpenJDK 64-Bit Server VM warning: Sharing is only supported for boot loader classes because bootstrap classpath has been appended
[INFO] Tests run: 2, Failures: 0, Errors: 0, Skipped: 0, Time elapsed: 6.806 s -- in com.exampleinyection.clase2parte2.config.AppConfigTest
[INFO] Running com.exampleinyection.clase2parte2.controller.ExceptionHandlerTest
14:04:38.116 [main] INFO org.springframework.test.context.support.AnnotationConfigContextLoaderUtils -- Could not detect default configuration classes for test class [com.exampleinyection.clase2parte2.controller.ExceptionHandlerTest]: ExceptionHandlerTest does not declare any static, non-private, non-final, nested classes annotated with @Configuration.
14:04:38.922 [main] INFO org.springframework.boot.test.context.SpringBootTestContextBootstrapper -- Found @SpringBootConfiguration com.exampleinyection.clase2parte2.GFTFormacion for test class com.exampleinyection.clase2parte2.controller.ExceptionHandlerTest
14:04:38.934 [main] INFO org.springframework.test.context.support.AnnotationConfigContextLoaderUtils -- Could not detect default configuration classes for test class [com.exampleinyection.clase2parte2.controller.ExceptionHandlerTest]: ExceptionHandlerTest does not declare any static, non-private, non-final, nested classes annotated with @Configuration.
14:04:38.972 [main] INFO org.springframework.boot.test.context.SpringBootTestContextBootstrapper -- Found @SpringBootConfiguration com.exampleinyection.clase2parte2.GFTFormacion for test class com.exampleinyection.clase2parte2.controller.ExceptionHandlerTest
14:04:39.329 [main] INFO org.springframework.boot.devtools.restart.RestartApplicationListener -- Restart disabled due to context in which it is running

  .   ____          _            __ _ _
 /\\ / ___'_ __ _ _(_)_ __  __ _ \ \ \ \
( ( )\___ | '_ | '_| | '_ \/ _` | \ \ \ \
 \\/  ___)| |_)| | | | | || (_| |  ) ) ) )
  '  |____| .__|_| |_|_| |_\__, | / / / /
 =========|_|==============|___/=/_/_/_/

 :: Spring Boot ::                (v4.0.4)

2026-03-26T14:04:41.474+01:00  INFO 12604 --- [GFTSpringBoot] [           main] c.e.c.controller.ExceptionHandlerTest    : Starting ExceptionHandlerTest using Java 21.0.10 with PID 12604 (started by pulz in C:\Users\pulz\Desktop\clase2parte2)
2026-03-26T14:04:41.481+01:00  INFO 12604 --- [GFTSpringBoot] [           main] c.e.c.controller.ExceptionHandlerTest    : The following 1 profile is active: "local"
2026-03-26T14:04:46.409+01:00  INFO 12604 --- [GFTSpringBoot] [           main] o.s.b.t.m.w.SpringBootMockServletContext : Initializing Spring TestDispatcherServlet ''
2026-03-26T14:04:46.410+01:00  INFO 12604 --- [GFTSpringBoot] [           main] o.s.t.web.servlet.TestDispatcherServlet  : Initializing Servlet ''
2026-03-26T14:04:46.418+01:00  INFO 12604 --- [GFTSpringBoot] [           main] o.s.t.web.servlet.TestDispatcherServlet  : Completed initialization in 6 ms
2026-03-26T14:04:46.532+01:00  INFO 12604 --- [GFTSpringBoot] [           main] c.e.c.controller.ExceptionHandlerTest    : Started ExceptionHandlerTest in 7.274 seconds (process running for 21.463)
2026-03-26T14:04:46.547+01:00  INFO 12604 --- [GFTSpringBoot] [           main] c.e.clase2parte2.GFTFormacion            : App name: GFTSpringBoot
[INFO] Tests run: 5, Failures: 0, Errors: 0, Skipped: 0, Time elapsed: 10.73 s -- in com.exampleinyection.clase2parte2.controller.ExceptionHandlerTest
[INFO] Running com.exampleinyection.clase2parte2.controller.UserControllerTest
2026-03-26T14:04:47.645+01:00  INFO 12604 --- [GFTSpringBoot] [           main] t.c.s.AnnotationConfigContextLoaderUtils : Could not detect default configuration classes for test class [com.exampleinyection.clase2parte2.controller.UserControllerTest]: UserControllerTest does not declare any static, non-private, non-final, nested classes annotated with @Configuration.
2026-03-26T14:04:47.730+01:00  INFO 12604 --- [GFTSpringBoot] [           main] .b.t.c.SpringBootTestContextBootstrapper : Found @SpringBootConfiguration com.exampleinyection.clase2parte2.GFTFormacion for test class com.exampleinyection.clase2parte2.controller.UserControllerTest
2026-03-26T14:04:47.732+01:00  INFO 12604 --- [GFTSpringBoot] [           main] t.c.s.AnnotationConfigContextLoaderUtils : Could not detect default configuration classes for test class [com.exampleinyection.clase2parte2.controller.UserControllerTest]: UserControllerTest does not declare any static, non-private, non-final, nested classes annotated with @Configuration.
2026-03-26T14:04:47.761+01:00  INFO 12604 --- [GFTSpringBoot] [           main] .b.t.c.SpringBootTestContextBootstrapper : Found @SpringBootConfiguration com.exampleinyection.clase2parte2.GFTFormacion for test class com.exampleinyection.clase2parte2.controller.UserControllerTest
[INFO] Tests run: 13, Failures: 0, Errors: 0, Skipped: 0, Time elapsed: 1.916 s -- in com.exampleinyection.clase2parte2.controller.UserControllerTest
[INFO] Running com.exampleinyection.clase2parte2.dto.UserRequestTest
[INFO] Tests run: 1, Failures: 0, Errors: 0, Skipped: 0, Time elapsed: 0.007 s -- in com.exampleinyection.clase2parte2.dto.UserRequestTest
[INFO] Running com.exampleinyection.clase2parte2.exception.ExceptionTest
[INFO] Tests run: 1, Failures: 0, Errors: 0, Skipped: 0, Time elapsed: 0.015 s -- in com.exampleinyection.clase2parte2.exception.ExceptionTest
[INFO] Running com.exampleinyection.clase2parte2.GFTFormacionTests
2026-03-26T14:04:49.599+01:00  INFO 12604 --- [GFTSpringBoot] [           main] t.c.s.AnnotationConfigContextLoaderUtils : Could not detect default configuration classes for test class [com.exampleinyection.clase2parte2.GFTFormacionTests]: GFTFormacionTests does not declare any static, non-private, non-final, nested classes annotated with @Configuration.
2026-03-26T14:04:49.660+01:00  INFO 12604 --- [GFTSpringBoot] [           main] .b.t.c.SpringBootTestContextBootstrapper : Found @SpringBootConfiguration com.exampleinyection.clase2parte2.GFTFormacion for test class com.exampleinyection.clase2parte2.GFTFormacionTests
2026-03-26T14:04:49.686+01:00  INFO 12604 --- [GFTSpringBoot] [           main] t.c.s.AnnotationConfigContextLoaderUtils : Could not detect default configuration classes for test class [com.exampleinyection.clase2parte2.GFTFormacionTests]: GFTFormacionTests does not declare any static, non-private, non-final, nested classes annotated with @Configuration.
2026-03-26T14:04:49.691+01:00  INFO 12604 --- [GFTSpringBoot] [           main] .b.t.c.SpringBootTestContextBootstrapper : Found @SpringBootConfiguration com.exampleinyection.clase2parte2.GFTFormacion for test class com.exampleinyection.clase2parte2.GFTFormacionTests
2026-03-26T14:04:49.719+01:00  INFO 12604 --- [GFTSpringBoot] [           main] o.s.b.d.r.RestartApplicationListener     : Restart disabled due to context in which it is running

  .   ____          _            __ _ _
 /\\ / ___'_ __ _ _(_)_ __  __ _ \ \ \ \
( ( )\___ | '_ | '_| | '_ \/ _` | \ \ \ \
 \\/  ___)| |_)| | | | | || (_| |  ) ) ) )
  '  |____| .__|_| |_|_| |_\__, | / / / /
 =========|_|==============|___/=/_/_/_/

 :: Spring Boot ::                (v4.0.4)

2026-03-26T14:04:49.824+01:00  INFO 12604 --- [GFTSpringBoot] [           main] c.e.clase2parte2.GFTFormacionTests       : Starting GFTFormacionTests using Java 21.0.10 with PID 12604 (started by pulz in C:\Users\pulz\Desktop\clase2parte2)
2026-03-26T14:04:49.824+01:00  INFO 12604 --- [GFTSpringBoot] [           main] c.e.clase2parte2.GFTFormacionTests       : The following 1 profile is active: "local"
2026-03-26T14:04:51.593+01:00  INFO 12604 --- [GFTSpringBoot] [           main] c.e.clase2parte2.GFTFormacionTests       : Started GFTFormacionTests in 1.874 seconds (process running for 26.524)
2026-03-26T14:04:51.596+01:00  INFO 12604 --- [GFTSpringBoot] [           main] c.e.clase2parte2.GFTFormacion            : App name: GFTSpringBoot
2026-03-26T14:04:51.609+01:00  INFO 12604 --- [GFTSpringBoot] [           main] o.s.b.d.r.RestartApplicationListener     : Restart disabled due to context in which it is running

  .   ____          _            __ _ _
 /\\ / ___'_ __ _ _(_)_ __  __ _ \ \ \ \
( ( )\___ | '_ | '_| | '_ \/ _` | \ \ \ \
 \\/  ___)| |_)| | | | | || (_| |  ) ) ) )
  '  |____| .__|_| |_|_| |_\__, | / / / /
 =========|_|==============|___/=/_/_/_/

 :: Spring Boot ::                (v4.0.4)

2026-03-26T14:04:51.706+01:00  INFO 12604 --- [GFTSpringBoot] [           main] c.e.clase2parte2.GFTFormacion            : Starting GFTFormacion using Java 21.0.10 with PID 12604 (started by pulz in C:\Users\pulz\Desktop\clase2parte2)
2026-03-26T14:04:51.708+01:00  INFO 12604 --- [GFTSpringBoot] [           main] c.e.clase2parte2.GFTFormacion            : The following 1 profile is active: "local"
2026-03-26T14:04:52.762+01:00  INFO 12604 --- [GFTSpringBoot] [           main] c.e.clase2parte2.GFTFormacion            : Started GFTFormacion in 1.153 seconds (process running for 27.693)
2026-03-26T14:04:52.764+01:00  INFO 12604 --- [GFTSpringBoot] [           main] c.e.clase2parte2.GFTFormacion            : App name: GFTSpringBoot
[INFO] Tests run: 2, Failures: 0, Errors: 0, Skipped: 0, Time elapsed: 3.201 s -- in com.exampleinyection.clase2parte2.GFTFormacionTests
[INFO] Running com.exampleinyection.clase2parte2.model.AllergyTest
[INFO] Tests run: 1, Failures: 0, Errors: 0, Skipped: 0, Time elapsed: 0.025 s -- in com.exampleinyection.clase2parte2.model.AllergyTest
[INFO] Running com.exampleinyection.clase2parte2.model.UserTest
[INFO] Tests run: 1, Failures: 0, Errors: 0, Skipped: 0, Time elapsed: 0.024 s -- in com.exampleinyection.clase2parte2.model.UserTest
[INFO] Running com.exampleinyection.clase2parte2.service.UserServiceExtraTest
[INFO] Tests run: 4, Failures: 0, Errors: 0, Skipped: 0, Time elapsed: 0.035 s -- in com.exampleinyection.clase2parte2.service.UserServiceExtraTest
[INFO] Running com.exampleinyection.clase2parte2.service.UserServiceTest
[INFO] Tests run: 11, Failures: 0, Errors: 0, Skipped: 0, Time elapsed: 0.227 s -- in com.exampleinyection.clase2parte2.service.UserServiceTest
[INFO] 
[INFO] Results:
[INFO] 
[INFO] Tests run: 41, Failures: 0, Errors: 0, Skipped: 0
[INFO] 
[INFO] 
[INFO] --- jacoco:0.8.12:report (report) @ GFTFormacion ---
[INFO] Loading execution data file C:\Users\pulz\Desktop\clase2parte2\target\jacoco.exec
[INFO] Analyzed bundle 'clase2parte2' with 12 classes
[INFO] ------------------------------------------------------------------------
[INFO] BUILD SUCCESS
[INFO] ------------------------------------------------------------------------
[INFO] Total time:  39.918 s
[INFO] Finished at: 2026-03-26T14:04:55+01:00
[INFO] ------------------------------------------------------------------------
